2026-08-19 15:40:48 INFO  BaseClass:34 - ========== Appium Test Execution Started ==========
2026-08-19 15:40:48 DEBUG BaseClass:35 - Device Name : emulator-5554
2026-08-19 15:40:48 DEBUG BaseClass:36 - System Port : 8200
2026-08-19 15:40:48 INFO  BaseClass:40 - Configuring UiAutomator2 Options...
2026-08-19 15:40:48 DEBUG BaseClass:49 - Launching Android Driver...
2026-08-19 15:41:03 DEBUG BaseClass:53 - Setting implicit wait to 10 seconds...
2026-08-19 15:41:03 INFO  BaseClass:56 - Android Driver initialized successfully.
2026-08-19 15:41:03 INFO  LaunchApp:19 - ********** Starting Test : LaunchAppTest **********
2026-08-19 15:41:03 DEBUG LaunchApp:22 - Initializing Home Page object...
2026-08-19 15:41:03 DEBUG LaunchApp:25 - Verifying Home Page title/text...
2026-08-19 15:41:07 DEBUG LaunchApp:28 - Expected Text : Enter name here
2026-08-19 15:41:07 DEBUG LaunchApp:29 - Actual Text   : Enter name here
2026-08-19 15:41:07 INFO  LaunchApp:33 - Home page verification passed.
2026-08-19 15:41:07 INFO  LaunchApp:43 - ********** LaunchAppTest PASSED **********
2026-08-19 15:41:07 DEBUG LaunchApp:53 - LaunchAppTest execution completed.
2026-08-19 15:41:07 INFO  BaseClass:83 - Closing Android Driver...
2026-08-19 15:41:08 INFO  BaseClass:90 - Android Driver closed successfully.
2026-08-19 15:41:08 INFO  BaseClass:102 - ========== Test Execution Finished ==========
2026-08-19 15:41:08 INFO  BaseClass:34 - ========== Appium Test Execution Started ==========
2026-08-19 15:41:08 DEBUG BaseClass:35 - Device Name : emulator-5554
2026-08-19 15:41:08 DEBUG BaseClass:36 - System Port : 8200
2026-08-19 15:41:08 INFO  BaseClass:40 - Configuring UiAutomator2 Options...
2026-08-19 15:41:08 DEBUG BaseClass:49 - Launching Android Driver...
2026-08-19 15:41:13 DEBUG BaseClass:53 - Setting implicit wait to 10 seconds...
2026-08-19 15:41:13 INFO  BaseClass:56 - Android Driver initialized successfully.
2026-08-19 15:41:13 INFO  LetsShop:20 - ********** Starting Test : LetsShopTest **********
2026-08-19 15:41:13 DEBUG LetsShop:23 - Initializing Home Page object...
2026-08-19 15:41:13 DEBUG LetsShop:26 - Entering user name...
2026-08-19 15:41:17 INFO  LetsShop:28 - User name entered successfully.
2026-08-19 15:41:17 DEBUG LetsShop:30 - Clicking 'Let's Shop' button...
2026-08-19 15:41:18 INFO  LetsShop:32 - Successfully navigated to Product Page.
2026-08-19 15:41:18 DEBUG LetsShop:34 - Initializing Product Page object...
2026-08-19 15:41:18 DEBUG LetsShop:37 - Retrieving Product Page title...
2026-08-19 15:41:19 DEBUG LetsShop:40 - Expected Title : Products
2026-08-19 15:41:19 DEBUG LetsShop:41 - Actual Title   : Products
2026-08-19 15:41:19 INFO  LetsShop:46 - Product Page validation successful.
2026-08-19 15:41:19 INFO  LetsShop:56 - ********** LetsShopTest PASSED **********
2026-08-19 15:41:19 DEBUG LetsShop:66 - LetsShopTest execution completed.
2026-08-19 15:41:19 INFO  BaseClass:83 - Closing Android Driver...
2026-08-19 15:41:20 INFO  BaseClass:90 - Android Driver closed successfully.
2026-08-19 15:41:20 INFO  BaseClass:102 - ========== Test Execution Finished ==========
2026-08-19 15:41:20 INFO  BaseClass:34 - ========== Appium Test Execution Started ==========
2026-08-19 15:41:20 DEBUG BaseClass:35 - Device Name : emulator-5554
2026-08-19 15:41:20 DEBUG BaseClass:36 - System Port : 8200
2026-08-19 15:41:20 INFO  BaseClass:40 - Configuring UiAutomator2 Options...
2026-08-19 15:41:20 DEBUG BaseClass:49 - Launching Android Driver...
2026-08-19 15:41:24 DEBUG BaseClass:53 - Setting implicit wait to 10 seconds...
2026-08-19 15:41:24 INFO  BaseClass:56 - Android Driver initialized successfully.
2026-08-19 15:41:24 INFO  CompletePurchase:28 - ********** Starting Test : CompletePurchaseTest **********
2026-08-19 15:41:24 DEBUG CompletePurchase:32 - Launching Home Page...
2026-08-19 15:41:24 DEBUG CompletePurchase:35 - Entering user name...
2026-08-19 15:41:29 DEBUG CompletePurchase:38 - Clicking 'Let's Shop' button...
2026-08-19 15:41:30 INFO  CompletePurchase:41 - Successfully navigated to Product Page.
2026-08-19 15:41:30 DEBUG CompletePurchase:44 - Scrolling to product: Jordan 6 Rings
2026-08-19 15:41:38 DEBUG CompletePurchase:47 - Adding product to cart...
2026-08-19 15:41:39 DEBUG CompletePurchase:50 - Opening Cart...
2026-08-19 15:41:39 INFO  CompletePurchase:53 - Product added to cart successfully.
2026-08-19 15:41:39 DEBUG CompletePurchase:56 - Selecting Terms and Conditions checkbox...
2026-08-19 15:41:41 DEBUG CompletePurchase:59 - Clicking 'Visit to Website' button...
2026-08-19 15:41:41 INFO  CompletePurchase:62 - Waiting for WEBVIEW context...
2026-08-19 15:41:43 DEBUG CompletePurchase:66 - WEBVIEW context is now available.
2026-08-19 15:41:43 DEBUG CompletePurchase:69 - Available Contexts:
2026-08-19 15:41:43 DEBUG CompletePurchase:74 - Context -> NATIVE_APP
2026-08-19 15:41:43 DEBUG CompletePurchase:74 - Context -> WEBVIEW_com.androidsample.generalstore
2026-08-19 15:41:43 INFO  CompletePurchase:77 - Switching to WEBVIEW context...
2026-08-19 15:41:45 DEBUG CompletePurchase:80 - Entering search text...
2026-08-19 15:41:47 DEBUG CompletePurchase:83 - Pressing Android Back button...
2026-08-19 15:41:48 INFO  CompletePurchase:86 - Switching back to Native App...
2026-08-19 15:41:49 DEBUG CompletePurchase:89 - Verifying Home Page...
2026-08-19 15:41:49 DEBUG CompletePurchase:92 - Expected Text : Enter name here
2026-08-19 15:41:49 DEBUG CompletePurchase:93 - Actual Text   : Enter name here
2026-08-19 15:41:49 INFO  CompletePurchase:98 - Home page validation successful.
2026-08-19 15:41:49 INFO  CompletePurchase:106 - ********** CompletePurchaseTest PASSED **********
2026-08-19 15:41:49 DEBUG CompletePurchase:116 - CompletePurchaseTest execution completed.
2026-08-19 15:41:49 INFO  BaseClass:83 - Closing Android Driver...
2026-08-19 15:41:50 INFO  BaseClass:90 - Android Driver closed successfully.
2026-08-19 15:41:50 INFO  BaseClass:102 - ========== Test Execution Finished ==========
2026-08-19 15:41:50 INFO  BaseClass:34 - ========== Appium Test Execution Started ==========
2026-08-19 15:41:50 DEBUG BaseClass:35 - Device Name : emulator-5554
2026-08-19 15:41:50 DEBUG BaseClass:36 - System Port : 8200
2026-08-19 15:41:50 INFO  BaseClass:40 - Configuring UiAutomator2 Options...
2026-08-19 15:41:50 DEBUG BaseClass:49 - Launching Android Driver...
2026-08-19 15:41:55 DEBUG BaseClass:53 - Setting implicit wait to 10 seconds...
2026-08-19 15:41:55 INFO  BaseClass:56 - Android Driver initialized successfully.
2026-08-19 15:41:55 INFO  AddToCart:24 - ********** Starting Test : AddToCartTest **********
2026-08-19 15:41:55 DEBUG AddToCart:28 - Initializing Home Page...
2026-08-19 15:41:55 DEBUG AddToCart:31 - Entering user name...
2026-08-19 15:42:00 DEBUG AddToCart:34 - Clicking 'Let's Shop' button...
2026-08-19 15:42:00 INFO  AddToCart:37 - Successfully navigated to Product Page.
2026-08-19 15:42:00 DEBUG AddToCart:40 - Scrolling to product : Jordan 6 Rings
2026-08-19 15:42:08 DEBUG AddToCart:43 - Adding product to cart...
2026-08-19 15:42:09 DEBUG AddToCart:46 - Opening Cart page...
2026-08-19 15:42:10 INFO  AddToCart:49 - Product added successfully.
2026-08-19 15:42:10 DEBUG AddToCart:52 - Fetching product name from Cart...
2026-08-19 15:42:11 DEBUG AddToCart:55 - Expected Product : Jordan 6 Rings
2026-08-19 15:42:11 DEBUG AddToCart:56 - Actual Product   : Jordan 6 Rings
2026-08-19 15:42:11 INFO  AddToCart:61 - Product validation successful.
2026-08-19 15:42:11 INFO  AddToCart:69 - ********** AddToCartTest PASSED **********
2026-08-19 15:42:11 DEBUG AddToCart:79 - AddToCartTest execution completed.
2026-08-19 15:42:11 INFO  BaseClass:83 - Closing Android Driver...
2026-08-19 15:42:12 INFO  BaseClass:90 - Android Driver closed successfully.
2026-08-19 15:42:12 INFO  BaseClass:102 - ========== Test Execution Finished ==========
2026-08-19 15:42:12 INFO  BaseClass:34 - ========== Appium Test Execution Started ==========
2026-08-19 15:42:12 DEBUG BaseClass:35 - Device Name : emulator-5554
2026-08-19 15:42:12 DEBUG BaseClass:36 - System Port : 8200
2026-08-19 15:42:12 INFO  BaseClass:40 - Configuring UiAutomator2 Options...
2026-08-19 15:42:12 DEBUG BaseClass:49 - Launching Android Driver...
2026-08-19 15:42:16 DEBUG BaseClass:53 - Setting implicit wait to 10 seconds...
2026-08-19 15:42:16 INFO  BaseClass:56 - Android Driver initialized successfully.
2026-08-19 15:42:16 INFO  TermsAndConditions:24 - ********** Starting Test : AddToCartTest **********
2026-08-19 15:42:16 DEBUG TermsAndConditions:27 - Initializing Home Page object...
2026-08-19 15:42:16 DEBUG TermsAndConditions:30 - Entering user name...
2026-08-19 15:42:21 INFO  TermsAndConditions:32 - User name entered successfully.
2026-08-19 15:42:21 DEBUG TermsAndConditions:34 - Clicking 'Let's Shop' button...
2026-08-19 15:42:22 INFO  TermsAndConditions:36 - Successfully navigated to Product Page.
2026-08-19 15:42:22 DEBUG TermsAndConditions:39 - Scrolling to product: Jordan 6 Rings
2026-08-19 15:42:30 DEBUG TermsAndConditions:42 - Adding product to cart...
2026-08-19 15:42:30 INFO  TermsAndConditions:44 - Product added to cart successfully.
2026-08-19 15:42:30 DEBUG TermsAndConditions:46 - Opening Cart page...
2026-08-19 15:42:32 DEBUG TermsAndConditions:51 - Performing long press on Terms and Conditions button...
2026-08-19 15:42:33 DEBUG TermsAndConditions:54 - Retrieving Terms and Conditions dialog title...
2026-08-19 15:42:33 DEBUG TermsAndConditions:57 - Expected Title : Terms Of Conditions
2026-08-19 15:42:33 DEBUG TermsAndConditions:58 - Actual Title   : Terms Of Conditions
2026-08-19 15:42:33 INFO  TermsAndConditions:63 - Terms and Conditions dialog validation successful.
2026-08-19 15:42:33 INFO  TermsAndConditions:73 - ********** AddToCartTest PASSED **********
2026-08-19 15:42:33 DEBUG TermsAndConditions:83 - AddToCartTest execution completed.
2026-08-19 15:42:33 INFO  BaseClass:83 - Closing Android Driver...
2026-08-19 15:42:33 INFO  BaseClass:90 - Android Driver closed successfully.
2026-08-19 15:42:33 INFO  BaseClass:102 - ========== Test Execution Finished ==========
2026-08-19 15:42:33 INFO  BaseClass:34 - ========== Appium Test Execution Started ==========
2026-08-19 15:42:33 DEBUG BaseClass:35 - Device Name : emulator-5554
2026-08-19 15:42:33 DEBUG BaseClass:36 - System Port : 8200
2026-08-19 15:42:33 INFO  BaseClass:40 - Configuring UiAutomator2 Options...
2026-08-19 15:42:33 DEBUG BaseClass:49 - Launching Android Driver...
2026-08-19 15:42:38 DEBUG BaseClass:53 - Setting implicit wait to 10 seconds...
2026-08-19 15:42:38 INFO  BaseClass:56 - Android Driver initialized successfully.
2026-08-19 15:42:38 INFO  ValidateToastMessage:22 - ********** Starting Test : ValidateToastMessageTest **********
2026-08-19 15:42:38 DEBUG ValidateToastMessage:25 - Initializing Home Page object...
2026-08-19 15:42:38 DEBUG ValidateToastMessage:28 - Clicking 'Let's Shop' button without entering a name...
2026-08-19 15:42:42 INFO  ValidateToastMessage:30 - Application displayed the validation toast.
2026-08-19 15:42:42 DEBUG ValidateToastMessage:32 - Retrieving toast message...
2026-08-19 15:42:43 DEBUG ValidateToastMessage:35 - Expected Toast Message : Please enter your name
2026-08-19 15:42:43 DEBUG ValidateToastMessage:36 - Actual Toast Message   : Please enter your name
2026-08-19 15:42:43 INFO  ValidateToastMessage:41 - Toast message validation successful.
2026-08-19 15:42:43 INFO  ValidateToastMessage:51 - ********** ValidateToastMessageTest PASSED **********
2026-08-19 15:42:43 DEBUG ValidateToastMessage:61 - ValidateToastMessageTest execution completed.
2026-08-19 15:42:43 INFO  BaseClass:83 - Closing Android Driver...
2026-08-19 15:42:43 INFO  BaseClass:90 - Android Driver closed successfully.
2026-08-19 15:42:43 INFO  BaseClass:102 - ========== Test Execution Finished ==========
2026-08-19 15:42:43 INFO  BaseClass:34 - ========== Appium Test Execution Started ==========
2026-08-19 15:42:43 DEBUG BaseClass:35 - Device Name : emulator-5554
2026-08-19 15:42:43 DEBUG BaseClass:36 - System Port : 8200
2026-08-19 15:42:43 INFO  BaseClass:40 - Configuring UiAutomator2 Options...
2026-08-19 15:42:43 DEBUG BaseClass:49 - Launching Android Driver...
2026-08-19 15:42:48 DEBUG BaseClass:53 - Setting implicit wait to 10 seconds...
2026-08-19 15:42:48 INFO  BaseClass:56 - Android Driver initialized successfully.
2026-08-19 15:42:48 INFO  ShopSelectingUnitedStates:23 - ********** Starting Test : LetsShopTest **********
2026-08-19 15:42:48 DEBUG ShopSelectingUnitedStates:26 - Initializing Home Page object...
2026-08-19 15:42:48 DEBUG ShopSelectingUnitedStates:29 - Selecting country: United States
2026-08-19 15:43:44 INFO  ShopSelectingUnitedStates:31 - Country selected successfully.
2026-08-19 15:43:44 DEBUG ShopSelectingUnitedStates:33 - Entering user name...
2026-08-19 15:43:44 INFO  ShopSelectingUnitedStates:35 - User name entered successfully.
2026-08-19 15:43:44 DEBUG ShopSelectingUnitedStates:37 - Clicking 'Let's Shop' button...
2026-08-19 15:43:45 INFO  ShopSelectingUnitedStates:39 - Successfully navigated to Product Page.
2026-08-19 15:43:45 DEBUG ShopSelectingUnitedStates:41 - Initializing Product Page object...
2026-08-19 15:43:45 DEBUG ShopSelectingUnitedStates:44 - Retrieving Product Page title...
2026-08-19 15:43:46 DEBUG ShopSelectingUnitedStates:47 - Expected Title : Products
2026-08-19 15:43:46 DEBUG ShopSelectingUnitedStates:48 - Actual Title   : Products
2026-08-19 15:43:46 INFO  ShopSelectingUnitedStates:52 - Product Page validation successful.
2026-08-19 15:43:46 INFO  ShopSelectingUnitedStates:61 - ********** LetsShopTest PASSED **********
2026-08-19 15:43:46 DEBUG ShopSelectingUnitedStates:71 - LetsShopTest execution completed.
2026-08-19 15:43:46 INFO  BaseClass:83 - Closing Android Driver...
2026-08-19 15:43:47 INFO  BaseClass:90 - Android Driver closed successfully.
2026-08-19 15:43:47 INFO  BaseClass:102 - ========== Test Execution Finished ==========
2026-08-19 15:46:47 INFO  BaseClass:34 - ========== Appium Test Execution Started ==========
2026-08-19 15:46:47 DEBUG BaseClass:35 - Device Name : emulator-5554
2026-08-19 15:46:47 DEBUG BaseClass:36 - System Port : 8200
2026-08-19 15:46:47 INFO  BaseClass:40 - Configuring UiAutomator2 Options...
2026-08-19 15:46:47 DEBUG BaseClass:49 - Launching Android Driver...
2026-08-19 15:46:52 DEBUG BaseClass:53 - Setting implicit wait to 10 seconds...
2026-08-19 15:46:52 INFO  BaseClass:56 - Android Driver initialized successfully.
2026-08-19 15:46:52 INFO  LaunchApp:19 - ********** Starting Test : LaunchAppTest **********
2026-08-19 15:46:52 DEBUG LaunchApp:22 - Initializing Home Page object...
2026-08-19 15:46:52 DEBUG LaunchApp:25 - Verifying Home Page title/text...
2026-08-19 15:46:56 DEBUG LaunchApp:28 - Expected Text : Enter name here
2026-08-19 15:46:56 DEBUG LaunchApp:29 - Actual Text   : Enter name here
2026-08-19 15:46:56 INFO  LaunchApp:33 - Home page verification passed.
2026-08-19 15:46:56 INFO  LaunchApp:43 - ********** LaunchAppTest PASSED **********
2026-08-19 15:46:56 DEBUG LaunchApp:53 - LaunchAppTest execution completed.
2026-08-19 15:46:56 INFO  BaseClass:83 - Closing Android Driver...
2026-08-19 15:46:57 INFO  BaseClass:90 - Android Driver closed successfully.
2026-08-19 15:46:57 INFO  BaseClass:102 - ========== Test Execution Finished ==========
2026-08-19 15:46:57 INFO  BaseClass:34 - ========== Appium Test Execution Started ==========
2026-08-19 15:46:57 DEBUG BaseClass:35 - Device Name : emulator-5554
2026-08-19 15:46:57 DEBUG BaseClass:36 - System Port : 8200
2026-08-19 15:46:57 INFO  BaseClass:40 - Configuring UiAutomator2 Options...
2026-08-19 15:46:57 DEBUG BaseClass:49 - Launching Android Driver...
2026-08-19 15:47:01 DEBUG BaseClass:53 - Setting implicit wait to 10 seconds...
2026-08-19 15:47:01 INFO  BaseClass:56 - Android Driver initialized successfully.
2026-08-19 15:47:01 INFO  LetsShop:20 - ********** Starting Test : LetsShopTest **********
2026-08-19 15:47:01 DEBUG LetsShop:23 - Initializing Home Page object...
2026-08-19 15:47:01 DEBUG LetsShop:26 - Entering user name...
2026-08-19 15:47:06 INFO  LetsShop:28 - User name entered successfully.
2026-08-19 15:47:06 DEBUG LetsShop:30 - Clicking 'Let's Shop' button...
2026-08-19 15:47:07 INFO  LetsShop:32 - Successfully navigated to Product Page.
2026-08-19 15:47:07 DEBUG LetsShop:34 - Initializing Product Page object...
2026-08-19 15:47:07 DEBUG LetsShop:37 - Retrieving Product Page title...
2026-08-19 15:47:09 DEBUG LetsShop:40 - Expected Title : Products
2026-08-19 15:47:09 DEBUG LetsShop:41 - Actual Title   : Products
2026-08-19 15:47:09 INFO  LetsShop:46 - Product Page validation successful.
2026-08-19 15:47:09 INFO  LetsShop:56 - ********** LetsShopTest PASSED **********
2026-08-19 15:47:09 DEBUG LetsShop:66 - LetsShopTest execution completed.
2026-08-19 15:47:09 INFO  BaseClass:83 - Closing Android Driver...
2026-08-19 15:47:09 INFO  BaseClass:90 - Android Driver closed successfully.
2026-08-19 15:47:09 INFO  BaseClass:102 - ========== Test Execution Finished ==========
2026-08-19 15:47:09 INFO  BaseClass:34 - ========== Appium Test Execution Started ==========
2026-08-19 15:47:09 DEBUG BaseClass:35 - Device Name : emulator-5554
2026-08-19 15:47:09 DEBUG BaseClass:36 - System Port : 8200
2026-08-19 15:47:09 INFO  BaseClass:40 - Configuring UiAutomator2 Options...
2026-08-19 15:47:09 DEBUG BaseClass:49 - Launching Android Driver...
2026-08-19 15:47:15 DEBUG BaseClass:53 - Setting implicit wait to 10 seconds...
2026-08-19 15:47:15 INFO  BaseClass:56 - Android Driver initialized successfully.
2026-08-19 15:47:15 INFO  CompletePurchase:28 - ********** Starting Test : CompletePurchaseTest **********
2026-08-19 15:47:15 DEBUG CompletePurchase:32 - Launching Home Page...
2026-08-19 15:47:15 DEBUG CompletePurchase:35 - Entering user name...
2026-08-19 15:47:20 DEBUG CompletePurchase:38 - Clicking 'Let's Shop' button...
2026-08-19 15:47:21 INFO  CompletePurchase:41 - Successfully navigated to Product Page.
2026-08-19 15:47:21 DEBUG CompletePurchase:44 - Scrolling to product: Jordan 6 Rings
2026-08-19 15:47:29 DEBUG CompletePurchase:47 - Adding product to cart...
2026-08-19 15:47:30 DEBUG CompletePurchase:50 - Opening Cart...
2026-08-19 15:47:31 INFO  CompletePurchase:53 - Product added to cart successfully.
2026-08-19 15:47:32 DEBUG CompletePurchase:56 - Selecting Terms and Conditions checkbox...
2026-08-19 15:47:32 DEBUG CompletePurchase:59 - Clicking 'Visit to Website' button...
2026-08-19 15:47:32 INFO  CompletePurchase:62 - Waiting for WEBVIEW context...
2026-08-19 15:47:35 DEBUG CompletePurchase:66 - WEBVIEW context is now available.
2026-08-19 15:47:35 DEBUG CompletePurchase:69 - Available Contexts:
2026-08-19 15:47:35 DEBUG CompletePurchase:74 - Context -> NATIVE_APP
2026-08-19 15:47:35 DEBUG CompletePurchase:74 - Context -> WEBVIEW_com.androidsample.generalstore
2026-08-19 15:47:35 INFO  CompletePurchase:77 - Switching to WEBVIEW context...
2026-08-19 15:47:37 DEBUG CompletePurchase:80 - Entering search text...
2026-08-19 15:47:41 DEBUG CompletePurchase:83 - Pressing Android Back button...
2026-08-19 15:47:42 INFO  CompletePurchase:86 - Switching back to Native App...
2026-08-19 15:47:42 DEBUG CompletePurchase:89 - Verifying Home Page...
2026-08-19 15:47:43 DEBUG CompletePurchase:92 - Expected Text : Enter name here
2026-08-19 15:47:43 DEBUG CompletePurchase:93 - Actual Text   : Enter name here
2026-08-19 15:47:43 INFO  CompletePurchase:98 - Home page validation successful.
2026-08-19 15:47:43 INFO  CompletePurchase:106 - ********** CompletePurchaseTest PASSED **********
2026-08-19 15:47:43 DEBUG CompletePurchase:116 - CompletePurchaseTest execution completed.
2026-08-19 15:47:43 INFO  BaseClass:83 - Closing Android Driver...
2026-08-19 15:47:44 INFO  BaseClass:90 - Android Driver closed successfully.
2026-08-19 15:47:44 INFO  BaseClass:102 - ========== Test Execution Finished ==========
2026-08-19 15:47:44 INFO  BaseClass:34 - ========== Appium Test Execution Started ==========
2026-08-19 15:47:44 DEBUG BaseClass:35 - Device Name : emulator-5554
2026-08-19 15:47:44 DEBUG BaseClass:36 - System Port : 8200
2026-08-19 15:47:44 INFO  BaseClass:40 - Configuring UiAutomator2 Options...
2026-08-19 15:47:44 DEBUG BaseClass:49 - Launching Android Driver...
2026-08-19 15:47:51 DEBUG BaseClass:53 - Setting implicit wait to 10 seconds...
2026-08-19 15:47:51 INFO  BaseClass:56 - Android Driver initialized successfully.
2026-08-19 15:47:51 INFO  AddToCart:24 - ********** Starting Test : AddToCartTest **********
2026-08-19 15:47:51 DEBUG AddToCart:28 - Initializing Home Page...
2026-08-19 15:47:51 DEBUG AddToCart:31 - Entering user name...
2026-08-19 15:47:56 DEBUG AddToCart:34 - Clicking 'Let's Shop' button...
2026-08-19 15:47:57 INFO  AddToCart:37 - Successfully navigated to Product Page.
2026-08-19 15:47:57 DEBUG AddToCart:40 - Scrolling to product : Jordan 6 Rings
2026-08-19 15:48:05 DEBUG AddToCart:43 - Adding product to cart...
2026-08-19 15:48:06 DEBUG AddToCart:46 - Opening Cart page...
2026-08-19 15:48:06 INFO  AddToCart:49 - Product added successfully.
2026-08-19 15:48:06 DEBUG AddToCart:52 - Fetching product name from Cart...
2026-08-19 15:48:07 DEBUG AddToCart:55 - Expected Product : Jordan 6 Rings
2026-08-19 15:48:07 DEBUG AddToCart:56 - Actual Product   : Jordan 6 Rings
2026-08-19 15:48:07 INFO  AddToCart:61 - Product validation successful.
2026-08-19 15:48:07 INFO  AddToCart:69 - ********** AddToCartTest PASSED **********
2026-08-19 15:48:07 DEBUG AddToCart:79 - AddToCartTest execution completed.
2026-08-19 15:48:07 INFO  BaseClass:83 - Closing Android Driver...
2026-08-19 15:48:08 INFO  BaseClass:90 - Android Driver closed successfully.
2026-08-19 15:48:08 INFO  BaseClass:102 - ========== Test Execution Finished ==========
2026-08-19 15:48:08 INFO  BaseClass:34 - ========== Appium Test Execution Started ==========
2026-08-19 15:48:08 DEBUG BaseClass:35 - Device Name : emulator-5554
2026-08-19 15:48:08 DEBUG BaseClass:36 - System Port : 8200
2026-08-19 15:48:08 INFO  BaseClass:40 - Configuring UiAutomator2 Options...
2026-08-19 15:48:08 DEBUG BaseClass:49 - Launching Android Driver...
2026-08-19 15:48:12 DEBUG BaseClass:53 - Setting implicit wait to 10 seconds...
2026-08-19 15:48:12 INFO  BaseClass:56 - Android Driver initialized successfully.
2026-08-19 15:48:12 INFO  TermsAndConditions:24 - ********** Starting Test : AddToCartTest **********
2026-08-19 15:48:12 DEBUG TermsAndConditions:27 - Initializing Home Page object...
2026-08-19 15:48:12 DEBUG TermsAndConditions:30 - Entering user name...
2026-08-19 15:48:17 INFO  TermsAndConditions:32 - User name entered successfully.
2026-08-19 15:48:17 DEBUG TermsAndConditions:34 - Clicking 'Let's Shop' button...
2026-08-19 15:48:18 INFO  TermsAndConditions:36 - Successfully navigated to Product Page.
2026-08-19 15:48:18 DEBUG TermsAndConditions:39 - Scrolling to product: Jordan 6 Rings
2026-08-19 15:48:24 DEBUG TermsAndConditions:42 - Adding product to cart...
2026-08-19 15:48:25 INFO  TermsAndConditions:44 - Product added to cart successfully.
2026-08-19 15:48:25 DEBUG TermsAndConditions:46 - Opening Cart page...
2026-08-19 15:48:25 DEBUG TermsAndConditions:51 - Performing long press on Terms and Conditions button...
2026-08-19 15:48:27 DEBUG TermsAndConditions:54 - Retrieving Terms and Conditions dialog title...
2026-08-19 15:48:27 DEBUG TermsAndConditions:57 - Expected Title : Terms Of Conditions
2026-08-19 15:48:27 DEBUG TermsAndConditions:58 - Actual Title   : Terms Of Conditions
2026-08-19 15:48:27 INFO  TermsAndConditions:63 - Terms and Conditions dialog validation successful.
2026-08-19 15:48:27 INFO  TermsAndConditions:73 - ********** AddToCartTest PASSED **********
2026-08-19 15:48:27 DEBUG TermsAndConditions:83 - AddToCartTest execution completed.
2026-08-19 15:48:27 INFO  BaseClass:83 - Closing Android Driver...
2026-08-19 15:48:28 INFO  BaseClass:90 - Android Driver closed successfully.
2026-08-19 15:48:28 INFO  BaseClass:102 - ========== Test Execution Finished ==========
2026-08-19 15:48:28 INFO  BaseClass:34 - ========== Appium Test Execution Started ==========
2026-08-19 15:48:28 DEBUG BaseClass:35 - Device Name : emulator-5554
2026-08-19 15:48:28 DEBUG BaseClass:36 - System Port : 8200
2026-08-19 15:48:28 INFO  BaseClass:40 - Configuring UiAutomator2 Options...
2026-08-19 15:48:28 DEBUG BaseClass:49 - Launching Android Driver...
2026-08-19 15:48:32 DEBUG BaseClass:53 - Setting implicit wait to 10 seconds...
2026-08-19 15:48:32 INFO  BaseClass:56 - Android Driver initialized successfully.
2026-08-19 15:48:32 INFO  ValidateToastMessage:22 - ********** Starting Test : ValidateToastMessageTest **********
2026-08-19 15:48:32 DEBUG ValidateToastMessage:25 - Initializing Home Page object...
2026-08-19 15:48:32 DEBUG ValidateToastMessage:28 - Clicking 'Let's Shop' button without entering a name...
2026-08-19 15:48:37 INFO  ValidateToastMessage:30 - Application displayed the validation toast.
2026-08-19 15:48:37 DEBUG ValidateToastMessage:32 - Retrieving toast message...
2026-08-19 15:48:37 DEBUG ValidateToastMessage:35 - Expected Toast Message : Please enter your name
2026-08-19 15:48:37 DEBUG ValidateToastMessage:36 - Actual Toast Message   : Please enter your name
2026-08-19 15:48:37 INFO  ValidateToastMessage:41 - Toast message validation successful.
2026-08-19 15:48:37 INFO  ValidateToastMessage:51 - ********** ValidateToastMessageTest PASSED **********
2026-08-19 15:48:37 DEBUG ValidateToastMessage:61 - ValidateToastMessageTest execution completed.
2026-08-19 15:48:37 INFO  BaseClass:83 - Closing Android Driver...
2026-08-19 15:48:38 INFO  BaseClass:90 - Android Driver closed successfully.
2026-08-19 15:48:38 INFO  BaseClass:102 - ========== Test Execution Finished ==========
2026-08-19 15:48:38 INFO  BaseClass:34 - ========== Appium Test Execution Started ==========
2026-08-19 15:48:38 DEBUG BaseClass:35 - Device Name : emulator-5554
2026-08-19 15:48:38 DEBUG BaseClass:36 - System Port : 8200
2026-08-19 15:48:38 INFO  BaseClass:40 - Configuring UiAutomator2 Options...
2026-08-19 15:48:38 DEBUG BaseClass:49 - Launching Android Driver...
2026-08-19 15:48:42 DEBUG BaseClass:53 - Setting implicit wait to 10 seconds...
2026-08-19 15:48:42 INFO  BaseClass:56 - Android Driver initialized successfully.
2026-08-19 15:48:42 INFO  ShopSelectingUnitedStates:23 - ********** Starting Test : LetsShopTest **********
2026-08-19 15:48:42 DEBUG ShopSelectingUnitedStates:26 - Initializing Home Page object...
2026-08-19 15:48:42 DEBUG ShopSelectingUnitedStates:29 - Selecting country: United States
2026-08-19 15:49:38 INFO  ShopSelectingUnitedStates:31 - Country selected successfully.
2026-08-19 15:49:38 DEBUG ShopSelectingUnitedStates:33 - Entering user name...
2026-08-19 15:49:38 INFO  ShopSelectingUnitedStates:35 - User name entered successfully.
2026-08-19 15:49:38 DEBUG ShopSelectingUnitedStates:37 - Clicking 'Let's Shop' button...
2026-08-19 15:49:39 INFO  ShopSelectingUnitedStates:39 - Successfully navigated to Product Page.
2026-08-19 15:49:39 DEBUG ShopSelectingUnitedStates:41 - Initializing Product Page object...
2026-08-19 15:49:39 DEBUG ShopSelectingUnitedStates:44 - Retrieving Product Page title...
2026-08-19 15:49:40 DEBUG ShopSelectingUnitedStates:47 - Expected Title : Products
2026-08-19 15:49:40 DEBUG ShopSelectingUnitedStates:48 - Actual Title   : Products
2026-08-19 15:49:40 INFO  ShopSelectingUnitedStates:52 - Product Page validation successful.
2026-08-19 15:49:40 INFO  ShopSelectingUnitedStates:61 - ********** LetsShopTest PASSED **********
2026-08-19 15:49:40 DEBUG ShopSelectingUnitedStates:71 - LetsShopTest execution completed.
2026-08-19 15:49:40 INFO  BaseClass:83 - Closing Android Driver...
2026-08-19 15:49:41 INFO  BaseClass:90 - Android Driver closed successfully.
2026-08-19 15:49:41 INFO  BaseClass:102 - ========== Test Execution Finished ==========
